stm32g4xx_hal_fmac.c:387:19:HAL_FMAC_Init	24	static
stm32g4xx_hal_fmac.c:460:19:HAL_FMAC_DeInit	16	static
stm32g4xx_hal_fmac.c:507:13:HAL_FMAC_MspInit	16	static
stm32g4xx_hal_fmac.c:522:13:HAL_FMAC_MspDeInit	16	static
stm32g4xx_hal_fmac.c:805:19:HAL_FMAC_FilterConfig	16	static
stm32g4xx_hal_fmac.c:821:19:HAL_FMAC_FilterConfig_DMA	16	static
stm32g4xx_hal_fmac.c:845:19:HAL_FMAC_FilterPreload	32	static
stm32g4xx_hal_fmac.c:870:19:HAL_FMAC_FilterPreload_DMA	32	static
stm32g4xx_hal_fmac.c:888:19:HAL_FMAC_FilterStart	32	static
stm32g4xx_hal_fmac.c:973:19:HAL_FMAC_AppendFilterData	32	static
stm32g4xx_hal_fmac.c:1029:19:HAL_FMAC_ConfigFilterOutputBuffer	32	static
stm32g4xx_hal_fmac.c:1090:19:HAL_FMAC_PollFilterData	32	static
stm32g4xx_hal_fmac.c:1209:19:HAL_FMAC_FilterStop	24	static
stm32g4xx_hal_fmac.c:1290:13:HAL_FMAC_ErrorCallback	16	static
stm32g4xx_hal_fmac.c:1306:13:HAL_FMAC_HalfGetDataCallback	16	static
stm32g4xx_hal_fmac.c:1322:13:HAL_FMAC_GetDataCallback	16	static
stm32g4xx_hal_fmac.c:1338:13:HAL_FMAC_HalfOutputDataReadyCallback	16	static
stm32g4xx_hal_fmac.c:1354:13:HAL_FMAC_OutputDataReadyCallback	16	static
stm32g4xx_hal_fmac.c:1370:13:HAL_FMAC_FilterConfigCallback	16	static
stm32g4xx_hal_fmac.c:1386:13:HAL_FMAC_FilterPreloadCallback	16	static
stm32g4xx_hal_fmac.c:1419:6:HAL_FMAC_IRQHandler	24	static
stm32g4xx_hal_fmac.c:1535:23:HAL_FMAC_GetState	16	static
stm32g4xx_hal_fmac.c:1548:10:HAL_FMAC_GetError	16	static
stm32g4xx_hal_fmac.c:1576:26:FMAC_Reset	24	static
stm32g4xx_hal_fmac.c:1605:13:FMAC_ResetDataPointers	16	static
stm32g4xx_hal_fmac.c:1616:13:FMAC_ResetInputStateAndDataPointers	16	static
stm32g4xx_hal_fmac.c:1629:13:FMAC_ResetOutputStateAndDataPointers	16	static
stm32g4xx_hal_fmac.c:1648:26:FMAC_FilterConfig	32	static
stm32g4xx_hal_fmac.c:1858:26:FMAC_FilterPreload	32	static
stm32g4xx_hal_fmac.c:2010:13:FMAC_WritePreloadDataIncrementPtr	32	static
stm32g4xx_hal_fmac.c:2029:26:FMAC_WaitOnStartUntilTimeout	24	static
stm32g4xx_hal_fmac.c:2053:26:FMAC_AppendFilterDataUpdateState	24	static
stm32g4xx_hal_fmac.c:2097:26:FMAC_ConfigFilterOutputBufferUpdateState	24	static
stm32g4xx_hal_fmac.c:2151:13:FMAC_ReadDataIncrementPtr	32	static
stm32g4xx_hal_fmac.c:2215:13:FMAC_WriteDataIncrementPtr	24	static
stm32g4xx_hal_fmac.c:2274:13:FMAC_DMAHalfGetData	24	static
stm32g4xx_hal_fmac.c:2291:13:FMAC_DMAGetData	24	static
stm32g4xx_hal_fmac.c:2311:13:FMAC_DMAHalfOutputDataReady	24	static
stm32g4xx_hal_fmac.c:2328:13:FMAC_DMAOutputDataReady	24	static
stm32g4xx_hal_fmac.c:2348:13:FMAC_DMAFilterConfig	24	static
stm32g4xx_hal_fmac.c:2423:13:FMAC_DMAFilterPreload	24	static
stm32g4xx_hal_fmac.c:2504:13:FMAC_DMAError	24	static
